\
\


' F68kAns       hidden-wordlist REVOC
' accept        hidden-wordlist REVOC
' type          hidden-wordlist REVOC
' (cold)        hidden-wordlist REVOC
' systop        hidden-wordlist REVOC
' sysbot        hidden-wordlist REVOC
' datatop       hidden-wordlist REVOC
' databot       hidden-wordlist REVOC
' forthparas    hidden-wordlist REVOC
' (front_opt)   hidden-wordlist REVOC
' (end_opt)     hidden-wordlist REVOC
' codeheadsize  hidden-wordlist REVOC
' blankbits     hidden-wordlist REVOC
' nextuser      hidden-wordlist REVOC
' r0            hidden-wordlist REVOC
' s0            hidden-wordlist REVOC
' f0            hidden-wordlist REVOC
' (number?)     hidden-wordlist REVOC
' cp            hidden-wordlist REVOC
' dp            hidden-wordlist REVOC
' >evaluate-ib  hidden-wordlist REVOC
' #evaluate-ib  hidden-wordlist REVOC
' >file-ib      hidden-wordlist REVOC
' #file-ib      hidden-wordlist REVOC
' (block-source)                hidden-wordlist REVOC
' >source-id    hidden-wordlist REVOC
' current       hidden-wordlist REVOC
' vocpa         hidden-wordlist REVOC
' last          hidden-wordlist REVOC
' abort"msg     hidden-wordlist REVOC
' abort"cnt     hidden-wordlist REVOC
' error"msg     hidden-wordlist REVOC
' (errorhandler)                hidden-wordlist REVOC
' (key)         hidden-wordlist REVOC
' (emit)        hidden-wordlist REVOC
' (key?)        hidden-wordlist REVOC
' ^key          hidden-wordlist REVOC
' ^emit         hidden-wordlist REVOC
' ^key?         hidden-wordlist REVOC
' ^emit?        hidden-wordlist REVOC
' (accept)      hidden-wordlist REVOC
' (type)        hidden-wordlist REVOC
' (find)        hidden-wordlist REVOC
' (parser)      hidden-wordlist REVOC
' (fliteral)    hidden-wordlist REVOC
' macro         hidden-wordlist REVOC
' is_macro      hidden-wordlist REVOC
' warning       hidden-wordlist REVOC
' out           hidden-wordlist REVOC
' fwidth        hidden-wordlist REVOC
' userbufs      hidden-wordlist REVOC
' echo          hidden-wordlist REVOC
' udp           hidden-wordlist REVOC
' number?       hidden-wordlist REVOC
' loaderkey     hidden-wordlist REVOC
' loaderemit    hidden-wordlist REVOC
' loaderkey?    hidden-wordlist REVOC
' jsr,          hidden-wordlist REVOC
' code,         hidden-wordlist REVOC
' codew,        hidden-wordlist REVOC
' jsrsb,        hidden-wordlist REVOC
' w,            hidden-wordlist REVOC
' sp@           hidden-wordlist REVOC
' sp!           hidden-wordlist REVOC
' rp@           hidden-wordlist REVOC
' rp!           hidden-wordlist REVOC
' (abs)         hidden-wordlist REVOC
' >abs          hidden-wordlist REVOC
' code>data     hidden-wordlist REVOC
' data>code     hidden-wordlist REVOC
' (s")          hidden-wordlist REVOC
' (.")          hidden-wordlist REVOC
' (error"       hidden-wordlist REVOC
' (abort"       hidden-wordlist REVOC
' skip          hidden-wordlist REVOC
' scan          hidden-wordlist REVOC
' name          hidden-wordlist REVOC
' vocsearch     hidden-wordlist REVOC
' find          hidden-wordlist REVOC
' nullstr?      hidden-wordlist REVOC
' notfound      hidden-wordlist REVOC
' ?stack        hidden-wordlist REVOC
' compiler      hidden-wordlist REVOC
' interpreter   hidden-wordlist REVOC
' parser        hidden-wordlist REVOC
' interpret     hidden-wordlist REVOC
' prompt        hidden-wordlist REVOC
' errorhandler  hidden-wordlist REVOC
' cold          hidden-wordlist REVOC
' digit?        hidden-wordlist REVOC
' nnumber?      hidden-wordlist REVOC
' w@            hidden-wordlist REVOC
' w!            hidden-wordlist REVOC
' header        hidden-wordlist REVOC
' header:       hidden-wordlist REVOC
' m:            hidden-wordlist REVOC
' reveal        hidden-wordlist REVOC
' ;code)        hidden-wordlist REVOC
' (do           hidden-wordlist REVOC
' (?do          hidden-wordlist REVOC
' (loop         hidden-wordlist REVOC
' (+loop        hidden-wordlist REVOC
' ?branch       hidden-wordlist REVOC
' branch        hidden-wordlist REVOC
' ,"            hidden-wordlist REVOC
' error"        hidden-wordlist REVOC
' restrict      hidden-wordlist REVOC
' >mark         hidden-wordlist REVOC
' >resolve      hidden-wordlist REVOC
' <mark         hidden-wordlist REVOC
' <resolve      hidden-wordlist REVOC
' hldbuffer     hidden-wordlist REVOC
' hld           hidden-wordlist REVOC
' ud/mod        hidden-wordlist REVOC
' nonameheader  hidden-wordlist REVOC
' $CMP          hidden-wordlist REVOC
' ENVLINK       hidden-wordlist REVOC
' LAST-ENVIRONMENT              hidden-wordlist REVOC
' SET-ENVIRONMENT               hidden-wordlist REVOC
' srch-wlbuf    hidden-wordlist REVOC
' emptyheader   hidden-wordlist REVOC
' do-vocabulary hidden-wordlist REVOC
' discard       hidden-wordlist REVOC
' vpush         hidden-wordlist REVOC
' vswap         hidden-wordlist REVOC
' vdrop         hidden-wordlist REVOC
' |save-length  hidden-wordlist REVOC
' TYPE16        hidden-wordlist REVOC
' context       hidden-wordlist REVOC


